// Jest Snapshot v1, https://goo.gl/fbAQLP

exports[`should match snapshot 1`] = `
<div
  className="collection-preview"
>
  <h1
    className="title"
  >
    TITLE
  </h1>
  <div
    className="preview"
  >
    <CollectionItem
      id={1}
      imageUrl="url"
      key="1"
      name="name"
      price={20}
    />
  </div>
</div>
`;
