// Jest Snapshot v1, https://goo.gl/fbAQLP

exports[`should match snapshot 1`] = `
<div
  className="directory-menu"
>
  <withRouter(MenuItem)
    id={1}
    imageUrl="https://i.ibb.co/cvpntL1/hats.png"
    key="1"
    linkUrl="shop/hats"
    title="hats"
  />
  <withRouter(MenuItem)
    id={2}
    imageUrl="https://i.ibb.co/px2tCc3/jackets.png"
    key="2"
    linkUrl="shop/jackets"
    title="jackets"
  />
  <withRouter(MenuItem)
    id={3}
    imageUrl="https://i.ibb.co/0jqHpnp/sneakers.png"
    key="3"
    linkUrl="shop/sneakers"
    title="sneakers"
  />
  <withRouter(MenuItem)
    id={4}
    imageUrl="https://i.ibb.co/GCCdy8t/womens.png"
    key="4"
    linkUrl="shop/womens"
    size="large"
    title="womens"
  />
  <withRouter(MenuItem)
    id={5}
    imageUrl="https://i.ibb.co/R70vBrQ/men.png"
    key="5"
    linkUrl="shop/mens"
    size="large"
    title="mens"
  />
</div>
`;
